====================================================
           COMPUTER PULSE - HARDWARE & NETWORK LOG   
====================================================
Timestamp          : 2026-09-23 17:40:03
Active Processes   : 260 running processes
CPU Utilization    : 31% load
----------------------------------------------------
Top 3 Memory-Consuming Processes:

Name               RAM_MB
----               ------
svchost             944.7
Memory Compression  570.3
MsMpEng            324.81



----------------------------------------------------
Disk Storage Breakdown:

DeviceID FreeGB TotalGB
-------- ------ -------
C:        13.29   97.04
D:       366.91  379.28



----------------------------------------------------
Network Diagnostics:
Active IPv4 Address: 10.39.103.91
Internet Latency   : Host Unreachable (Target: 8.8.8.8)
====================================================
